Flow report for 8XRIPTIDE
Mon Oct 05 13:23:10 2020
Quartus II Version 8.1 Build 163 10/28/2008 SJ Web Edition


---------------------
; Table of Contents ;
---------------------
  1. Legal Notice
  2. Flow Summary
  3. Flow Settings
  4. Flow Non-Default Global Settings
  5. Flow Elapsed Time
  6. Flow OS Summary
  7. Flow Log



----------------
; Legal Notice ;
----------------
Copyright (C) 1991-2008 Altera Corporation
Your use of Altera Corporation's design tools, logic functions 
and other software and tools, and its AMPP partner logic 
functions, and any output files from any of the foregoing 
(including device programming or simulation files), and any 
associated documentation or information are expressly subject 
to the terms and conditions of the Altera Program License 
Subscription Agreement, Altera MegaCore Function License 
Agreement, or other applicable license agreement, including, 
without limitation, that your use is for the sole purpose of 
programming logic devices manufactured by Altera and sold by 
Altera or its authorized distributors.  Please refer to the 
applicable agreement for further details.



+------------------------------------------------------------------------------+
; Flow Summary                                                                 ;
+------------------------------------+-----------------------------------------+
; Flow Status                        ; Successful - Mon Oct 05 13:23:10 2020   ;
; Quartus II Version                 ; 8.1 Build 163 10/28/2008 SJ Web Edition ;
; Revision Name                      ; 8XRIPTIDE                               ;
; Top-level Entity Name              ; N8XRIPTIDE                              ;
; Family                             ; Cyclone II                              ;
; Device                             ; EP2C5T144C8                             ;
; Timing Models                      ; Final                                   ;
; Met timing requirements            ; Yes                                     ;
; Total logic elements               ; 982 / 4,608 ( 21 % )                    ;
;     Total combinational functions  ; 792 / 4,608 ( 17 % )                    ;
;     Dedicated logic registers      ; 701 / 4,608 ( 15 % )                    ;
; Total registers                    ; 701                                     ;
; Total pins                         ; 57 / 89 ( 64 % )                        ;
; Total virtual pins                 ; 0                                       ;
; Total memory bits                  ; 50 / 119,808 ( < 1 % )                  ;
; Embedded Multiplier 9-bit elements ; 0 / 26 ( 0 % )                          ;
; Total PLLs                         ; 0 / 2 ( 0 % )                           ;
+------------------------------------+-----------------------------------------+


+-----------------------------------------+
; Flow Settings                           ;
+-------------------+---------------------+
; Option            ; Setting             ;
+-------------------+---------------------+
; Start date & time ; 10/05/2020 13:22:08 ;
; Main task         ; Compilation         ;
; Revision Name     ; 8XRIPTIDE           ;
+-------------------+---------------------+


+-------------------------------------------------------------------------------------------------------------------------------------------+
; Flow Non-Default Global Settings                                                                                                          ;
+--------------------------------------+------------------------------+--------------------------------+-------------+----------------------+
; Assignment Name                      ; Value                        ; Default Value                  ; Entity Name ; Section Id           ;
+--------------------------------------+------------------------------+--------------------------------+-------------+----------------------+
; COMPILER_SIGNATURE_ID                ; 113780617491.160192572803436 ; --                             ; --          ; --                   ;
; EDA_DESIGN_ENTRY_SYNTHESIS_TOOL      ; Design Compiler              ; <None>                         ; --          ; --                   ;
; EDA_DESIGN_INSTANCE_NAME             ; CPU                          ; --                             ; --          ; testbench            ;
; EDA_INPUT_DATA_FORMAT                ; Verilog Hdl                  ; --                             ; --          ; eda_design_synthesis ;
; EDA_INPUT_VCC_NAME                   ; Vdd                          ; --                             ; --          ; eda_design_synthesis ;
; EDA_LMF_FILE                         ; altsyn.lmf                   ; --                             ; --          ; eda_design_synthesis ;
; EDA_NATIVELINK_SIMULATION_TEST_BENCH ; testbench                    ; --                             ; --          ; eda_simulation       ;
; EDA_OUTPUT_DATA_FORMAT               ; Verilog                      ; --                             ; --          ; eda_simulation       ;
; EDA_SIMULATION_TOOL                  ; ModelSim-Altera (Verilog)    ; <None>                         ; --          ; --                   ;
; EDA_TEST_BENCH_ENABLE_STATUS         ; TEST_BENCH_MODE              ; --                             ; --          ; eda_simulation       ;
; EDA_TEST_BENCH_FILE                  ; lrom.txt                     ; --                             ; --          ; testbench            ;
; EDA_TEST_BENCH_FILE                  ; hrom.txt                     ; --                             ; --          ; testbench            ;
; EDA_TEST_BENCH_FILE                  ; toplevel.v                   ; --                             ; --          ; testbench            ;
; EDA_TEST_BENCH_FILE                  ; ALU.v                        ; --                             ; --          ; testbench            ;
; EDA_TEST_BENCH_FILE                  ; decode_unit.v                ; --                             ; --          ; testbench            ;
; EDA_TEST_BENCH_FILE                  ; hazard_unit.v                ; --                             ; --          ; testbench            ;
; EDA_TEST_BENCH_FILE                  ; internal_mem.v               ; --                             ; --          ; testbench            ;
; EDA_TEST_BENCH_FILE                  ; IO.v                         ; --                             ; --          ; testbench            ;
; EDA_TEST_BENCH_FILE                  ; IO_latch.v                   ; --                             ; --          ; testbench            ;
; EDA_TEST_BENCH_FILE                  ; mask_unit.v                  ; --                             ; --          ; testbench            ;
; EDA_TEST_BENCH_FILE                  ; PC.v                         ; --                             ; --          ; testbench            ;
; EDA_TEST_BENCH_FILE                  ; right_rotate.v               ; --                             ; --          ; testbench            ;
; EDA_TEST_BENCH_FILE                  ; ROM.v                        ; --                             ; --          ; testbench            ;
; EDA_TEST_BENCH_FILE                  ; shift_merge.v                ; --                             ; --          ; testbench            ;
; EDA_TEST_BENCH_FILE                  ; testbench.v                  ; --                             ; --          ; testbench            ;
; EDA_TEST_BENCH_MODULE_NAME           ; Testbench                    ; --                             ; --          ; testbench            ;
; EDA_TEST_BENCH_NAME                  ; testbench                    ; --                             ; --          ; eda_simulation       ;
; EDA_TEST_BENCH_RUN_SIM_FOR           ; 400 ps                       ; --                             ; --          ; testbench            ;
; EDA_TIME_SCALE                       ; 1 ps                         ; --                             ; --          ; eda_simulation       ;
; FITTER_EFFORT                        ; Standard Fit                 ; Auto Fit                       ; --          ; --                   ;
; MAX_CORE_JUNCTION_TEMP               ; 85                           ; --                             ; --          ; --                   ;
; MIN_CORE_JUNCTION_TEMP               ; 0                            ; --                             ; --          ; --                   ;
; MUX_RESTRUCTURE                      ; Off                          ; Auto                           ; --          ; --                   ;
; NOMINAL_CORE_SUPPLY_VOLTAGE          ; 1.2V                         ; --                             ; --          ; --                   ;
; OPTIMIZE_HOLD_TIMING                 ; All Paths                    ; IO Paths and Minimum TPD Paths ; --          ; --                   ;
; PARTITION_COLOR                      ; 16764057                     ; --                             ; N8XRIPTIDE  ; Top                  ;
; PARTITION_FITTER_PRESERVATION_LEVEL  ; PLACEMENT_AND_ROUTING        ; --                             ; N8XRIPTIDE  ; Top                  ;
; PARTITION_NETLIST_TYPE               ; SOURCE                       ; --                             ; N8XRIPTIDE  ; Top                  ;
; STRATIXII_OPTIMIZATION_TECHNIQUE     ; Speed                        ; Balanced                       ; --          ; --                   ;
; TOP_LEVEL_ENTITY                     ; N8XRIPTIDE                   ; 8XRIPTIDE                      ; --          ; --                   ;
+--------------------------------------+------------------------------+--------------------------------+-------------+----------------------+


+-----------------------------------------------------------------------------------------------------------------------------+
; Flow Elapsed Time                                                                                                           ;
+-------------------------+--------------+-------------------------+---------------------+------------------------------------+
; Module Name             ; Elapsed Time ; Average Processors Used ; Peak Virtual Memory ; Total CPU Time (on all processors) ;
+-------------------------+--------------+-------------------------+---------------------+------------------------------------+
; Analysis & Synthesis    ; 00:00:20     ; 1.0                     ; 170 MB              ; 00:00:19                           ;
; Fitter                  ; 00:00:28     ; 1.0                     ; 170 MB              ; 00:00:27                           ;
; Assembler               ; 00:00:02     ; 1.0                     ; 148 MB              ; 00:00:02                           ;
; Classic Timing Analyzer ; 00:00:02     ; 1.0                     ; 121 MB              ; 00:00:01                           ;
; EDA Netlist Writer      ; 00:00:02     ; 1.0                     ; 123 MB              ; 00:00:01                           ;
; Total                   ; 00:00:54     ; --                      ; --                  ; 00:00:50                           ;
+-------------------------+--------------+-------------------------+---------------------+------------------------------------+


+---------------------------------------------------------------------------------------+
; Flow OS Summary                                                                       ;
+-------------------------+------------------+------------+------------+----------------+
; Module Name             ; Machine Hostname ; OS Name    ; OS Version ; Processor type ;
+-------------------------+------------------+------------+------------+----------------+
; Analysis & Synthesis    ; WXPPx86BE-2052   ; Windows XP ; 5.1        ; i686           ;
; Fitter                  ; WXPPx86BE-2052   ; Windows XP ; 5.1        ; i686           ;
; Assembler               ; WXPPx86BE-2052   ; Windows XP ; 5.1        ; i686           ;
; Classic Timing Analyzer ; WXPPx86BE-2052   ; Windows XP ; 5.1        ; i686           ;
; EDA Netlist Writer      ; WXPPx86BE-2052   ; Windows XP ; 5.1        ; i686           ;
+-------------------------+------------------+------------+------------+----------------+


------------
; Flow Log ;
------------
quartus_map --read_settings_files=on --write_settings_files=off 8X-RIPTIDE -c 8XRIPTIDE
quartus_fit --read_settings_files=off --write_settings_files=off 8X-RIPTIDE -c 8XRIPTIDE
quartus_asm --read_settings_files=off --write_settings_files=off 8X-RIPTIDE -c 8XRIPTIDE
quartus_tan --read_settings_files=off --write_settings_files=off 8X-RIPTIDE -c 8XRIPTIDE --timing_analysis_only
quartus_eda --read_settings_files=off --write_settings_files=off 8X-RIPTIDE -c 8XRIPTIDE



